[0.572s] Invoking command in '/home/liv/argos_ws/build/cone_inspection': CMAKE_PREFIX_PATH=/home/liv/argos_ws/install/ur_description:/home/liv/argos_ws/install/ur_simulation_gz:/home/liv/argos_ws/install/ur_simulation_gazebo:/home/liv/helios_ws/install/fire_sensors:/home/liv/helios_ws/install/fire_satellite:/home/liv/helios_ws/install/fire_drone:/home/liv/helios_ws/install/fire_autonomy:/home/liv/helios_ws/install/41068_ignition_bringup:/home/liv/41068_ws/install/41068_ignition_bringup PYTHONPATH=/home/liv/argos_ws/build/cone_inspection/prefix_override:/usr/lib/python3/dist-packages/colcon_core/task/python/colcon_distutils_commands:/home/liv/argos_ws/install/cone_inspection/lib/python3.10/site-packages:${PYTHONPATH} /usr/bin/python3 -W ignore:setup.py install is deprecated -W ignore:easy_install command is deprecated setup.py develop --editable --build-directory /home/liv/argos_ws/build/cone_inspection/build --no-deps symlink_data
[0.734s] running develop
[0.840s] running egg_info
[0.840s] creating cone_inspection.egg-info
[0.840s] writing cone_inspection.egg-info/PKG-INFO
[0.840s] writing dependency_links to cone_inspection.egg-info/dependency_links.txt
[0.840s] writing entry points to cone_inspection.egg-info/entry_points.txt
[0.840s] writing requirements to cone_inspection.egg-info/requires.txt
[0.840s] writing top-level names to cone_inspection.egg-info/top_level.txt
[0.841s] writing manifest file 'cone_inspection.egg-info/SOURCES.txt'
[0.842s] reading manifest file 'cone_inspection.egg-info/SOURCES.txt'
[0.842s] writing manifest file 'cone_inspection.egg-info/SOURCES.txt'
[0.843s] running build_ext
[0.843s] Creating /home/liv/argos_ws/install/cone_inspection/lib/python3.10/site-packages/cone-inspection.egg-link (link to .)
[0.843s] Installing task_node script to /home/liv/argos_ws/install/cone_inspection/lib/cone_inspection
[0.844s] 
[0.844s] Installed /home/liv/argos_ws/build/cone_inspection
[0.844s] running symlink_data
[0.844s] creating /home/liv/argos_ws/install/cone_inspection/share/ament_index
[0.844s] creating /home/liv/argos_ws/install/cone_inspection/share/ament_index/resource_index
[0.844s] creating /home/liv/argos_ws/install/cone_inspection/share/ament_index/resource_index/packages
[0.844s] symbolically linking /home/liv/argos_ws/build/cone_inspection/resource/cone_inspection -> /home/liv/argos_ws/install/cone_inspection/share/ament_index/resource_index/packages
[0.844s] symbolically linking /home/liv/argos_ws/build/cone_inspection/package.xml -> /home/liv/argos_ws/install/cone_inspection/share/cone_inspection
[0.844s] creating /home/liv/argos_ws/install/cone_inspection/share/cone_inspection/launch
[0.844s] symbolically linking /home/liv/argos_ws/build/cone_inspection/launch/task.launch.py -> /home/liv/argos_ws/install/cone_inspection/share/cone_inspection/launch
[0.844s] symbolically linking /home/liv/argos_ws/build/cone_inspection/launch/demo.launch.py -> /home/liv/argos_ws/install/cone_inspection/share/cone_inspection/launch
[0.845s] creating /home/liv/argos_ws/install/cone_inspection/share/cone_inspection/urdf
[0.845s] symbolically linking /home/liv/argos_ws/build/cone_inspection/urdf/ur3_cell.urdf.xacro -> /home/liv/argos_ws/install/cone_inspection/share/cone_inspection/urdf
[0.845s] creating /home/liv/argos_ws/install/cone_inspection/share/cone_inspection/rviz
[0.845s] symbolically linking /home/liv/argos_ws/build/cone_inspection/rviz/demo.rviz -> /home/liv/argos_ws/install/cone_inspection/share/cone_inspection/rviz
[0.861s] Invoked command in '/home/liv/argos_ws/build/cone_inspection' returned '0': CMAKE_PREFIX_PATH=/home/liv/argos_ws/install/ur_description:/home/liv/argos_ws/install/ur_simulation_gz:/home/liv/argos_ws/install/ur_simulation_gazebo:/home/liv/helios_ws/install/fire_sensors:/home/liv/helios_ws/install/fire_satellite:/home/liv/helios_ws/install/fire_drone:/home/liv/helios_ws/install/fire_autonomy:/home/liv/helios_ws/install/41068_ignition_bringup:/home/liv/41068_ws/install/41068_ignition_bringup PYTHONPATH=/home/liv/argos_ws/build/cone_inspection/prefix_override:/usr/lib/python3/dist-packages/colcon_core/task/python/colcon_distutils_commands:/home/liv/argos_ws/install/cone_inspection/lib/python3.10/site-packages:${PYTHONPATH} /usr/bin/python3 -W ignore:setup.py install is deprecated -W ignore:easy_install command is deprecated setup.py develop --editable --build-directory /home/liv/argos_ws/build/cone_inspection/build --no-deps symlink_data
