[0.141s] Invoking command in '/home/liv/argos_ws/src/build/ur_simulation_gz': AMENT_PREFIX_PATH=/home/liv/argos_ws/src/install/ur_description:${AMENT_PREFIX_PATH} CMAKE_PREFIX_PATH=/home/liv/argos_ws/src/install/ur_description:/home/liv/helios_ws/install/fire_sensors:/home/liv/helios_ws/install/fire_satellite:/home/liv/helios_ws/install/fire_drone:/home/liv/helios_ws/install/fire_autonomy:/home/liv/helios_ws/install/41068_ignition_bringup:/home/liv/41068_ws/install/41068_ignition_bringup:/home/liv/helios_ws/install/fire_sim:/opt/ros/humble /usr/bin/cmake /home/liv/argos_ws/src/ur_simulation_gz/ur_simulation_gz -DAMENT_CMAKE_SYMLINK_INSTALL=1 -DCMAKE_INSTALL_PREFIX=/home/liv/argos_ws/src/install/ur_simulation_gz
[0.175s] -- The C compiler identification is GNU 11.4.0
[0.213s] -- The CXX compiler identification is GNU 11.4.0
[0.218s] -- Detecting C compiler ABI info
[0.262s] -- Detecting C compiler ABI info - done
[0.268s] -- Check for working C compiler: /usr/bin/cc - skipped
[0.268s] -- Detecting C compile features
[0.268s] -- Detecting C compile features - done
[0.270s] -- Detecting CXX compiler ABI info
[0.321s] -- Detecting CXX compiler ABI info - done
[0.326s] -- Check for working CXX compiler: /usr/bin/c++ - skipped
[0.326s] -- Detecting CXX compile features
[0.326s] -- Detecting CXX compile features - done
[0.328s] -- Found ament_cmake: 1.3.14 (/opt/ros/humble/share/ament_cmake/cmake)
[0.421s] -- Found Python3: /usr/bin/python3 (found version "3.10.12") found components: Interpreter 
[0.457s] -- Override CMake install command with custom implementation using symlinks instead of copying resources
[0.480s] -- Found launch_testing_ament_cmake: 1.0.15 (/opt/ros/humble/share/launch_testing_ament_cmake/cmake)
[0.483s] -- Found python_cmake_module: 0.10.0 (/opt/ros/humble/share/python_cmake_module/cmake)
[0.498s] -- Found PythonInterp: /usr/bin/python3 (found suitable version "3.10.12", minimum required is "3.6") 
[0.506s] -- Found PythonLibs: /usr/lib/x86_64-linux-gnu/libpython3.10.so (found suitable version "3.10.12", minimum required is "3.5") 
[0.506s] -- Using PYTHON_EXECUTABLE: /usr/bin/python3
[0.506s] -- Using PYTHON_INCLUDE_DIRS: /usr/include/python3.10
[0.506s] -- Using PYTHON_LIBRARIES: /usr/lib/x86_64-linux-gnu/libpython3.10.so
[0.518s] -- Found PythonExtra: .so  
[0.520s] -- Found ament_cmake_pytest: 1.3.14 (/opt/ros/humble/share/ament_cmake_pytest/cmake)
[0.558s] -- Configuring done
[0.559s] -- Generating done
[0.560s] -- Build files have been written to: /home/liv/argos_ws/src/build/ur_simulation_gz
[0.565s] Invoked command in '/home/liv/argos_ws/src/build/ur_simulation_gz' returned '0': AMENT_PREFIX_PATH=/home/liv/argos_ws/src/install/ur_description:${AMENT_PREFIX_PATH} CMAKE_PREFIX_PATH=/home/liv/argos_ws/src/install/ur_description:/home/liv/helios_ws/install/fire_sensors:/home/liv/helios_ws/install/fire_satellite:/home/liv/helios_ws/install/fire_drone:/home/liv/helios_ws/install/fire_autonomy:/home/liv/helios_ws/install/41068_ignition_bringup:/home/liv/41068_ws/install/41068_ignition_bringup:/home/liv/helios_ws/install/fire_sim:/opt/ros/humble /usr/bin/cmake /home/liv/argos_ws/src/ur_simulation_gz/ur_simulation_gz -DAMENT_CMAKE_SYMLINK_INSTALL=1 -DCMAKE_INSTALL_PREFIX=/home/liv/argos_ws/src/install/ur_simulation_gz
[0.565s] Invoking command in '/home/liv/argos_ws/src/build/ur_simulation_gz': AMENT_PREFIX_PATH=/home/liv/argos_ws/src/install/ur_description:${AMENT_PREFIX_PATH} CMAKE_PREFIX_PATH=/home/liv/argos_ws/src/install/ur_description:/home/liv/helios_ws/install/fire_sensors:/home/liv/helios_ws/install/fire_satellite:/home/liv/helios_ws/install/fire_drone:/home/liv/helios_ws/install/fire_autonomy:/home/liv/helios_ws/install/41068_ignition_bringup:/home/liv/41068_ws/install/41068_ignition_bringup:/home/liv/helios_ws/install/fire_sim:/opt/ros/humble /usr/bin/cmake --build /home/liv/argos_ws/src/build/ur_simulation_gz -- -j24 -l24
[0.590s] Invoked command in '/home/liv/argos_ws/src/build/ur_simulation_gz' returned '0': AMENT_PREFIX_PATH=/home/liv/argos_ws/src/install/ur_description:${AMENT_PREFIX_PATH} CMAKE_PREFIX_PATH=/home/liv/argos_ws/src/install/ur_description:/home/liv/helios_ws/install/fire_sensors:/home/liv/helios_ws/install/fire_satellite:/home/liv/helios_ws/install/fire_drone:/home/liv/helios_ws/install/fire_autonomy:/home/liv/helios_ws/install/41068_ignition_bringup:/home/liv/41068_ws/install/41068_ignition_bringup:/home/liv/helios_ws/install/fire_sim:/opt/ros/humble /usr/bin/cmake --build /home/liv/argos_ws/src/build/ur_simulation_gz -- -j24 -l24
[0.591s] Invoking command in '/home/liv/argos_ws/src/build/ur_simulation_gz': AMENT_PREFIX_PATH=/home/liv/argos_ws/src/install/ur_description:${AMENT_PREFIX_PATH} CMAKE_PREFIX_PATH=/home/liv/argos_ws/src/install/ur_description:/home/liv/helios_ws/install/fire_sensors:/home/liv/helios_ws/install/fire_satellite:/home/liv/helios_ws/install/fire_drone:/home/liv/helios_ws/install/fire_autonomy:/home/liv/helios_ws/install/41068_ignition_bringup:/home/liv/41068_ws/install/41068_ignition_bringup:/home/liv/helios_ws/install/fire_sim:/opt/ros/humble /usr/bin/cmake --install /home/liv/argos_ws/src/build/ur_simulation_gz
[0.596s] -- Install configuration: ""
[0.596s] -- Execute custom install script
[0.596s] -- Symlinking: /home/liv/argos_ws/src/install/ur_simulation_gz/share/ur_simulation_gz/config/ur_controllers.yaml
[0.603s] -- Symlinking: /home/liv/argos_ws/src/install/ur_simulation_gz/share/ur_simulation_gz/launch/ur_sim_control.launch.py
[0.607s] -- Symlinking: /home/liv/argos_ws/src/install/ur_simulation_gz/share/ur_simulation_gz/launch/ur_sim_moveit.launch.py
[0.611s] -- Symlinking: /home/liv/argos_ws/src/install/ur_simulation_gz/share/ament_index/resource_index/package_run_dependencies/ur_simulation_gz
[0.617s] -- Symlinking: /home/liv/argos_ws/src/install/ur_simulation_gz/share/ament_index/resource_index/parent_prefix_path/ur_simulation_gz
[0.623s] -- Symlinking: /home/liv/argos_ws/src/install/ur_simulation_gz/share/ur_simulation_gz/environment/ament_prefix_path.sh
[0.629s] -- Symlinking: /home/liv/argos_ws/src/install/ur_simulation_gz/share/ur_simulation_gz/environment/ament_prefix_path.dsv
[0.636s] -- Symlinking: /home/liv/argos_ws/src/install/ur_simulation_gz/share/ur_simulation_gz/environment/path.sh
[0.642s] -- Symlinking: /home/liv/argos_ws/src/install/ur_simulation_gz/share/ur_simulation_gz/environment/path.dsv
[0.649s] -- Symlinking: /home/liv/argos_ws/src/install/ur_simulation_gz/share/ur_simulation_gz/local_setup.bash
[0.654s] -- Symlinking: /home/liv/argos_ws/src/install/ur_simulation_gz/share/ur_simulation_gz/local_setup.sh
[0.660s] -- Symlinking: /home/liv/argos_ws/src/install/ur_simulation_gz/share/ur_simulation_gz/local_setup.zsh
[0.666s] -- Symlinking: /home/liv/argos_ws/src/install/ur_simulation_gz/share/ur_simulation_gz/local_setup.dsv
[0.672s] -- Symlinking: /home/liv/argos_ws/src/install/ur_simulation_gz/share/ur_simulation_gz/package.dsv
[0.677s] -- Symlinking: /home/liv/argos_ws/src/install/ur_simulation_gz/share/ament_index/resource_index/packages/ur_simulation_gz
[0.683s] -- Symlinking: /home/liv/argos_ws/src/install/ur_simulation_gz/share/ur_simulation_gz/cmake/ur_simulation_gzConfig.cmake
[0.689s] -- Symlinking: /home/liv/argos_ws/src/install/ur_simulation_gz/share/ur_simulation_gz/cmake/ur_simulation_gzConfig-version.cmake
[0.694s] -- Symlinking: /home/liv/argos_ws/src/install/ur_simulation_gz/share/ur_simulation_gz/package.xml
[0.701s] Invoked command in '/home/liv/argos_ws/src/build/ur_simulation_gz' returned '0': AMENT_PREFIX_PATH=/home/liv/argos_ws/src/install/ur_description:${AMENT_PREFIX_PATH} CMAKE_PREFIX_PATH=/home/liv/argos_ws/src/install/ur_description:/home/liv/helios_ws/install/fire_sensors:/home/liv/helios_ws/install/fire_satellite:/home/liv/helios_ws/install/fire_drone:/home/liv/helios_ws/install/fire_autonomy:/home/liv/helios_ws/install/41068_ignition_bringup:/home/liv/41068_ws/install/41068_ignition_bringup:/home/liv/helios_ws/install/fire_sim:/opt/ros/humble /usr/bin/cmake --install /home/liv/argos_ws/src/build/ur_simulation_gz
