[0.005s] Invoking command in '/home/liv/argos_ws/build/ur_simulation_gazebo': AMENT_PREFIX_PATH=/home/liv/argos_ws/install/ur_description:${AMENT_PREFIX_PATH} CMAKE_PREFIX_PATH=/home/liv/argos_ws/install/ur_description:/home/liv/41068_ws/install/41068_ignition_bringup:/opt/ros/humble /usr/bin/cmake /home/liv/argos_ws/src/Universal_Robots_ROS2_Gazebo_Simulation/ur_simulation_gazebo -DCMAKE_INSTALL_PREFIX=/home/liv/argos_ws/install/ur_simulation_gazebo
[0.074s] -- The C compiler identification is GNU 11.4.0
[0.131s] -- The CXX compiler identification is GNU 11.4.0
[0.139s] -- Detecting C compiler ABI info
[0.219s] -- Detecting C compiler ABI info - done
[0.228s] -- Check for working C compiler: /usr/bin/cc - skipped
[0.228s] -- Detecting C compile features
[0.228s] -- Detecting C compile features - done
[0.231s] -- Detecting CXX compiler ABI info
[0.310s] -- Detecting CXX compiler ABI info - done
[0.317s] -- Check for working CXX compiler: /usr/bin/c++ - skipped
[0.317s] -- Detecting CXX compile features
[0.317s] -- Detecting CXX compile features - done
[0.319s] -- Found ament_cmake: 1.3.14 (/opt/ros/humble/share/ament_cmake/cmake)
[0.447s] -- Found Python3: /usr/bin/python3 (found version "3.10.12") found components: Interpreter 
[0.505s] -- Found launch_testing_ament_cmake: 1.0.14 (/opt/ros/humble/share/launch_testing_ament_cmake/cmake)
[0.508s] -- Found python_cmake_module: 0.10.0 (/opt/ros/humble/share/python_cmake_module/cmake)
[0.526s] -- Found PythonInterp: /usr/bin/python3 (found suitable version "3.10.12", minimum required is "3.6") 
[0.539s] -- Found PythonLibs: /usr/lib/x86_64-linux-gnu/libpython3.10.so (found suitable version "3.10.12", minimum required is "3.5") 
[0.539s] -- Using PYTHON_EXECUTABLE: /usr/bin/python3
[0.539s] -- Using PYTHON_INCLUDE_DIRS: /usr/include/python3.10
[0.539s] -- Using PYTHON_LIBRARIES: /usr/lib/x86_64-linux-gnu/libpython3.10.so
[0.557s] -- Found PythonExtra: .so  
[0.559s] -- Found ament_cmake_pytest: 1.3.14 (/opt/ros/humble/share/ament_cmake_pytest/cmake)
[0.601s] -- Configuring done
[0.601s] -- Generating done
[0.602s] -- Build files have been written to: /home/liv/argos_ws/build/ur_simulation_gazebo
[0.606s] Invoked command in '/home/liv/argos_ws/build/ur_simulation_gazebo' returned '0': AMENT_PREFIX_PATH=/home/liv/argos_ws/install/ur_description:${AMENT_PREFIX_PATH} CMAKE_PREFIX_PATH=/home/liv/argos_ws/install/ur_description:/home/liv/41068_ws/install/41068_ignition_bringup:/opt/ros/humble /usr/bin/cmake /home/liv/argos_ws/src/Universal_Robots_ROS2_Gazebo_Simulation/ur_simulation_gazebo -DCMAKE_INSTALL_PREFIX=/home/liv/argos_ws/install/ur_simulation_gazebo
[0.607s] Invoking command in '/home/liv/argos_ws/build/ur_simulation_gazebo': AMENT_PREFIX_PATH=/home/liv/argos_ws/install/ur_description:${AMENT_PREFIX_PATH} CMAKE_PREFIX_PATH=/home/liv/argos_ws/install/ur_description:/home/liv/41068_ws/install/41068_ignition_bringup:/opt/ros/humble /usr/bin/cmake --build /home/liv/argos_ws/build/ur_simulation_gazebo -- -j24 -l24
[0.645s] Invoked command in '/home/liv/argos_ws/build/ur_simulation_gazebo' returned '0': AMENT_PREFIX_PATH=/home/liv/argos_ws/install/ur_description:${AMENT_PREFIX_PATH} CMAKE_PREFIX_PATH=/home/liv/argos_ws/install/ur_description:/home/liv/41068_ws/install/41068_ignition_bringup:/opt/ros/humble /usr/bin/cmake --build /home/liv/argos_ws/build/ur_simulation_gazebo -- -j24 -l24
[0.646s] Invoking command in '/home/liv/argos_ws/build/ur_simulation_gazebo': AMENT_PREFIX_PATH=/home/liv/argos_ws/install/ur_description:${AMENT_PREFIX_PATH} CMAKE_PREFIX_PATH=/home/liv/argos_ws/install/ur_description:/home/liv/41068_ws/install/41068_ignition_bringup:/opt/ros/humble /usr/bin/cmake --install /home/liv/argos_ws/build/ur_simulation_gazebo
[0.654s] -- Install configuration: ""
[0.654s] -- Installing: /home/liv/argos_ws/install/ur_simulation_gazebo/share/ur_simulation_gazebo/config
[0.654s] -- Installing: /home/liv/argos_ws/install/ur_simulation_gazebo/share/ur_simulation_gazebo/config/ur_controllers.yaml
[0.654s] -- Installing: /home/liv/argos_ws/install/ur_simulation_gazebo/share/ur_simulation_gazebo/launch
[0.655s] -- Installing: /home/liv/argos_ws/install/ur_simulation_gazebo/share/ur_simulation_gazebo/launch/ur_sim_moveit.launch.py
[0.655s] -- Installing: /home/liv/argos_ws/install/ur_simulation_gazebo/share/ur_simulation_gazebo/launch/ur_sim_control.launch.py
[0.655s] -- Installing: /home/liv/argos_ws/install/ur_simulation_gazebo/share/ament_index/resource_index/package_run_dependencies/ur_simulation_gazebo
[0.655s] -- Installing: /home/liv/argos_ws/install/ur_simulation_gazebo/share/ament_index/resource_index/parent_prefix_path/ur_simulation_gazebo
[0.655s] -- Installing: /home/liv/argos_ws/install/ur_simulation_gazebo/share/ur_simulation_gazebo/environment/ament_prefix_path.sh
[0.655s] -- Installing: /home/liv/argos_ws/install/ur_simulation_gazebo/share/ur_simulation_gazebo/environment/ament_prefix_path.dsv
[0.655s] -- Installing: /home/liv/argos_ws/install/ur_simulation_gazebo/share/ur_simulation_gazebo/environment/path.sh
[0.655s] -- Installing: /home/liv/argos_ws/install/ur_simulation_gazebo/share/ur_simulation_gazebo/environment/path.dsv
[0.655s] -- Installing: /home/liv/argos_ws/install/ur_simulation_gazebo/share/ur_simulation_gazebo/local_setup.bash
[0.655s] -- Installing: /home/liv/argos_ws/install/ur_simulation_gazebo/share/ur_simulation_gazebo/local_setup.sh
[0.655s] -- Installing: /home/liv/argos_ws/install/ur_simulation_gazebo/share/ur_simulation_gazebo/local_setup.zsh
[0.655s] -- Installing: /home/liv/argos_ws/install/ur_simulation_gazebo/share/ur_simulation_gazebo/local_setup.dsv
[0.656s] -- Installing: /home/liv/argos_ws/install/ur_simulation_gazebo/share/ur_simulation_gazebo/package.dsv
[0.656s] -- Installing: /home/liv/argos_ws/install/ur_simulation_gazebo/share/ament_index/resource_index/packages/ur_simulation_gazebo
[0.656s] -- Installing: /home/liv/argos_ws/install/ur_simulation_gazebo/share/ur_simulation_gazebo/cmake/ur_simulation_gazeboConfig.cmake
[0.656s] -- Installing: /home/liv/argos_ws/install/ur_simulation_gazebo/share/ur_simulation_gazebo/cmake/ur_simulation_gazeboConfig-version.cmake
[0.656s] -- Installing: /home/liv/argos_ws/install/ur_simulation_gazebo/share/ur_simulation_gazebo/package.xml
[0.657s] Invoked command in '/home/liv/argos_ws/build/ur_simulation_gazebo' returned '0': AMENT_PREFIX_PATH=/home/liv/argos_ws/install/ur_description:${AMENT_PREFIX_PATH} CMAKE_PREFIX_PATH=/home/liv/argos_ws/install/ur_description:/home/liv/41068_ws/install/41068_ignition_bringup:/opt/ros/humble /usr/bin/cmake --install /home/liv/argos_ws/build/ur_simulation_gazebo
