[0.141s] Invoking command in '/home/liv/argos_ws/src/build/ur_simulation_gazebo': AMENT_PREFIX_PATH=/home/liv/argos_ws/src/install/ur_description:${AMENT_PREFIX_PATH} CMAKE_PREFIX_PATH=/home/liv/argos_ws/src/install/ur_description:/home/liv/helios_ws/install/fire_sensors:/home/liv/helios_ws/install/fire_satellite:/home/liv/helios_ws/install/fire_drone:/home/liv/helios_ws/install/fire_autonomy:/home/liv/helios_ws/install/41068_ignition_bringup:/home/liv/41068_ws/install/41068_ignition_bringup:/home/liv/helios_ws/install/fire_sim:/opt/ros/humble /usr/bin/cmake /home/liv/argos_ws/src/Universal_Robots_ROS2_Gazebo_Simulation/ur_simulation_gazebo -DAMENT_CMAKE_SYMLINK_INSTALL=1 -DCMAKE_INSTALL_PREFIX=/home/liv/argos_ws/src/install/ur_simulation_gazebo
[0.179s] -- The C compiler identification is GNU 11.4.0
[0.214s] -- The CXX compiler identification is GNU 11.4.0
[0.218s] -- Detecting C compiler ABI info
[0.265s] -- Detecting C compiler ABI info - done
[0.269s] -- Check for working C compiler: /usr/bin/cc - skipped
[0.269s] -- Detecting C compile features
[0.270s] -- Detecting C compile features - done
[0.271s] -- Detecting CXX compiler ABI info
[0.321s] -- Detecting CXX compiler ABI info - done
[0.325s] -- Check for working CXX compiler: /usr/bin/c++ - skipped
[0.325s] -- Detecting CXX compile features
[0.325s] -- Detecting CXX compile features - done
[0.327s] -- Found ament_cmake: 1.3.14 (/opt/ros/humble/share/ament_cmake/cmake)
[0.427s] -- Found Python3: /usr/bin/python3 (found version "3.10.12") found components: Interpreter 
[0.460s] -- Override CMake install command with custom implementation using symlinks instead of copying resources
[0.482s] -- Found launch_testing_ament_cmake: 1.0.15 (/opt/ros/humble/share/launch_testing_ament_cmake/cmake)
[0.485s] -- Found python_cmake_module: 0.10.0 (/opt/ros/humble/share/python_cmake_module/cmake)
[0.499s] -- Found PythonInterp: /usr/bin/python3 (found suitable version "3.10.12", minimum required is "3.6") 
[0.507s] -- Found PythonLibs: /usr/lib/x86_64-linux-gnu/libpython3.10.so (found suitable version "3.10.12", minimum required is "3.5") 
[0.507s] -- Using PYTHON_EXECUTABLE: /usr/bin/python3
[0.507s] -- Using PYTHON_INCLUDE_DIRS: /usr/include/python3.10
[0.507s] -- Using PYTHON_LIBRARIES: /usr/lib/x86_64-linux-gnu/libpython3.10.so
[0.519s] -- Found PythonExtra: .so  
[0.521s] -- Found ament_cmake_pytest: 1.3.14 (/opt/ros/humble/share/ament_cmake_pytest/cmake)
[0.559s] -- Configuring done
[0.561s] -- Generating done
[0.561s] -- Build files have been written to: /home/liv/argos_ws/src/build/ur_simulation_gazebo
[0.565s] Invoked command in '/home/liv/argos_ws/src/build/ur_simulation_gazebo' returned '0': AMENT_PREFIX_PATH=/home/liv/argos_ws/src/install/ur_description:${AMENT_PREFIX_PATH} CMAKE_PREFIX_PATH=/home/liv/argos_ws/src/install/ur_description:/home/liv/helios_ws/install/fire_sensors:/home/liv/helios_ws/install/fire_satellite:/home/liv/helios_ws/install/fire_drone:/home/liv/helios_ws/install/fire_autonomy:/home/liv/helios_ws/install/41068_ignition_bringup:/home/liv/41068_ws/install/41068_ignition_bringup:/home/liv/helios_ws/install/fire_sim:/opt/ros/humble /usr/bin/cmake /home/liv/argos_ws/src/Universal_Robots_ROS2_Gazebo_Simulation/ur_simulation_gazebo -DAMENT_CMAKE_SYMLINK_INSTALL=1 -DCMAKE_INSTALL_PREFIX=/home/liv/argos_ws/src/install/ur_simulation_gazebo
[0.566s] Invoking command in '/home/liv/argos_ws/src/build/ur_simulation_gazebo': AMENT_PREFIX_PATH=/home/liv/argos_ws/src/install/ur_description:${AMENT_PREFIX_PATH} CMAKE_PREFIX_PATH=/home/liv/argos_ws/src/install/ur_description:/home/liv/helios_ws/install/fire_sensors:/home/liv/helios_ws/install/fire_satellite:/home/liv/helios_ws/install/fire_drone:/home/liv/helios_ws/install/fire_autonomy:/home/liv/helios_ws/install/41068_ignition_bringup:/home/liv/41068_ws/install/41068_ignition_bringup:/home/liv/helios_ws/install/fire_sim:/opt/ros/humble /usr/bin/cmake --build /home/liv/argos_ws/src/build/ur_simulation_gazebo -- -j24 -l24
[0.590s] Invoked command in '/home/liv/argos_ws/src/build/ur_simulation_gazebo' returned '0': AMENT_PREFIX_PATH=/home/liv/argos_ws/src/install/ur_description:${AMENT_PREFIX_PATH} CMAKE_PREFIX_PATH=/home/liv/argos_ws/src/install/ur_description:/home/liv/helios_ws/install/fire_sensors:/home/liv/helios_ws/install/fire_satellite:/home/liv/helios_ws/install/fire_drone:/home/liv/helios_ws/install/fire_autonomy:/home/liv/helios_ws/install/41068_ignition_bringup:/home/liv/41068_ws/install/41068_ignition_bringup:/home/liv/helios_ws/install/fire_sim:/opt/ros/humble /usr/bin/cmake --build /home/liv/argos_ws/src/build/ur_simulation_gazebo -- -j24 -l24
[0.591s] Invoking command in '/home/liv/argos_ws/src/build/ur_simulation_gazebo': AMENT_PREFIX_PATH=/home/liv/argos_ws/src/install/ur_description:${AMENT_PREFIX_PATH} CMAKE_PREFIX_PATH=/home/liv/argos_ws/src/install/ur_description:/home/liv/helios_ws/install/fire_sensors:/home/liv/helios_ws/install/fire_satellite:/home/liv/helios_ws/install/fire_drone:/home/liv/helios_ws/install/fire_autonomy:/home/liv/helios_ws/install/41068_ignition_bringup:/home/liv/41068_ws/install/41068_ignition_bringup:/home/liv/helios_ws/install/fire_sim:/opt/ros/humble /usr/bin/cmake --install /home/liv/argos_ws/src/build/ur_simulation_gazebo
[0.596s] -- Install configuration: ""
[0.596s] -- Execute custom install script
[0.596s] -- Symlinking: /home/liv/argos_ws/src/install/ur_simulation_gazebo/share/ur_simulation_gazebo/config/ur_controllers.yaml
[0.603s] -- Symlinking: /home/liv/argos_ws/src/install/ur_simulation_gazebo/share/ur_simulation_gazebo/launch/ur_sim_control.launch.py
[0.607s] -- Symlinking: /home/liv/argos_ws/src/install/ur_simulation_gazebo/share/ur_simulation_gazebo/launch/ur_sim_moveit.launch.py
[0.613s] -- Symlinking: /home/liv/argos_ws/src/install/ur_simulation_gazebo/share/ament_index/resource_index/package_run_dependencies/ur_simulation_gazebo
[0.619s] -- Symlinking: /home/liv/argos_ws/src/install/ur_simulation_gazebo/share/ament_index/resource_index/parent_prefix_path/ur_simulation_gazebo
[0.623s] -- Symlinking: /home/liv/argos_ws/src/install/ur_simulation_gazebo/share/ur_simulation_gazebo/environment/ament_prefix_path.sh
[0.629s] -- Symlinking: /home/liv/argos_ws/src/install/ur_simulation_gazebo/share/ur_simulation_gazebo/environment/ament_prefix_path.dsv
[0.634s] -- Symlinking: /home/liv/argos_ws/src/install/ur_simulation_gazebo/share/ur_simulation_gazebo/environment/path.sh
[0.638s] -- Symlinking: /home/liv/argos_ws/src/install/ur_simulation_gazebo/share/ur_simulation_gazebo/environment/path.dsv
[0.644s] -- Symlinking: /home/liv/argos_ws/src/install/ur_simulation_gazebo/share/ur_simulation_gazebo/local_setup.bash
[0.651s] -- Symlinking: /home/liv/argos_ws/src/install/ur_simulation_gazebo/share/ur_simulation_gazebo/local_setup.sh
[0.656s] -- Symlinking: /home/liv/argos_ws/src/install/ur_simulation_gazebo/share/ur_simulation_gazebo/local_setup.zsh
[0.661s] -- Symlinking: /home/liv/argos_ws/src/install/ur_simulation_gazebo/share/ur_simulation_gazebo/local_setup.dsv
[0.667s] -- Symlinking: /home/liv/argos_ws/src/install/ur_simulation_gazebo/share/ur_simulation_gazebo/package.dsv
[0.672s] -- Symlinking: /home/liv/argos_ws/src/install/ur_simulation_gazebo/share/ament_index/resource_index/packages/ur_simulation_gazebo
[0.677s] -- Symlinking: /home/liv/argos_ws/src/install/ur_simulation_gazebo/share/ur_simulation_gazebo/cmake/ur_simulation_gazeboConfig.cmake
[0.683s] -- Symlinking: /home/liv/argos_ws/src/install/ur_simulation_gazebo/share/ur_simulation_gazebo/cmake/ur_simulation_gazeboConfig-version.cmake
[0.689s] -- Symlinking: /home/liv/argos_ws/src/install/ur_simulation_gazebo/share/ur_simulation_gazebo/package.xml
[0.696s] Invoked command in '/home/liv/argos_ws/src/build/ur_simulation_gazebo' returned '0': AMENT_PREFIX_PATH=/home/liv/argos_ws/src/install/ur_description:${AMENT_PREFIX_PATH} CMAKE_PREFIX_PATH=/home/liv/argos_ws/src/install/ur_description:/home/liv/helios_ws/install/fire_sensors:/home/liv/helios_ws/install/fire_satellite:/home/liv/helios_ws/install/fire_drone:/home/liv/helios_ws/install/fire_autonomy:/home/liv/helios_ws/install/41068_ignition_bringup:/home/liv/41068_ws/install/41068_ignition_bringup:/home/liv/helios_ws/install/fire_sim:/opt/ros/humble /usr/bin/cmake --install /home/liv/argos_ws/src/build/ur_simulation_gazebo
