[0.005s] Invoking command in '/home/liv/argos_ws/build/ur_simulation_gazebo': AMENT_PREFIX_PATH=/home/liv/argos_ws/install/ur_description:${AMENT_PREFIX_PATH} CMAKE_PREFIX_PATH=/home/liv/argos_ws/install/ur_description:/home/liv/41068_ws/install/41068_ignition_bringup:/opt/ros/humble /usr/bin/cmake /home/liv/argos_ws/src/Universal_Robots_ROS2_Gazebo_Simulation/ur_simulation_gazebo -DAMENT_CMAKE_SYMLINK_INSTALL=1 -DCMAKE_INSTALL_PREFIX=/home/liv/argos_ws/install/ur_simulation_gazebo
[0.013s] -- Found ament_cmake: 1.3.14 (/opt/ros/humble/share/ament_cmake/cmake)
[0.086s] -- Override CMake install command with custom implementation using symlinks instead of copying resources
[0.090s] -- Found launch_testing_ament_cmake: 1.0.14 (/opt/ros/humble/share/launch_testing_ament_cmake/cmake)
[0.090s] -- Found python_cmake_module: 0.10.0 (/opt/ros/humble/share/python_cmake_module/cmake)
[0.109s] -- Using PYTHON_EXECUTABLE: /usr/bin/python3
[0.109s] -- Using PYTHON_INCLUDE_DIRS: /usr/include/python3.10
[0.110s] -- Using PYTHON_LIBRARIES: /usr/lib/x86_64-linux-gnu/libpython3.10.so
[0.110s] -- Found ament_cmake_pytest: 1.3.14 (/opt/ros/humble/share/ament_cmake_pytest/cmake)
[0.150s] -- Configuring done
[0.151s] -- Generating done
[0.151s] -- Build files have been written to: /home/liv/argos_ws/build/ur_simulation_gazebo
[0.154s] Invoked command in '/home/liv/argos_ws/build/ur_simulation_gazebo' returned '0': AMENT_PREFIX_PATH=/home/liv/argos_ws/install/ur_description:${AMENT_PREFIX_PATH} CMAKE_PREFIX_PATH=/home/liv/argos_ws/install/ur_description:/home/liv/41068_ws/install/41068_ignition_bringup:/opt/ros/humble /usr/bin/cmake /home/liv/argos_ws/src/Universal_Robots_ROS2_Gazebo_Simulation/ur_simulation_gazebo -DAMENT_CMAKE_SYMLINK_INSTALL=1 -DCMAKE_INSTALL_PREFIX=/home/liv/argos_ws/install/ur_simulation_gazebo
[0.154s] Invoking command in '/home/liv/argos_ws/build/ur_simulation_gazebo': AMENT_PREFIX_PATH=/home/liv/argos_ws/install/ur_description:${AMENT_PREFIX_PATH} CMAKE_PREFIX_PATH=/home/liv/argos_ws/install/ur_description:/home/liv/41068_ws/install/41068_ignition_bringup:/opt/ros/humble /usr/bin/cmake --build /home/liv/argos_ws/build/ur_simulation_gazebo -- -j24 -l24
[0.180s] Invoked command in '/home/liv/argos_ws/build/ur_simulation_gazebo' returned '0': AMENT_PREFIX_PATH=/home/liv/argos_ws/install/ur_description:${AMENT_PREFIX_PATH} CMAKE_PREFIX_PATH=/home/liv/argos_ws/install/ur_description:/home/liv/41068_ws/install/41068_ignition_bringup:/opt/ros/humble /usr/bin/cmake --build /home/liv/argos_ws/build/ur_simulation_gazebo -- -j24 -l24
[0.181s] Invoking command in '/home/liv/argos_ws/build/ur_simulation_gazebo': AMENT_PREFIX_PATH=/home/liv/argos_ws/install/ur_description:${AMENT_PREFIX_PATH} CMAKE_PREFIX_PATH=/home/liv/argos_ws/install/ur_description:/home/liv/41068_ws/install/41068_ignition_bringup:/opt/ros/humble /usr/bin/cmake --install /home/liv/argos_ws/build/ur_simulation_gazebo
[0.186s] -- Install configuration: ""
[0.187s] -- Execute custom install script
[0.187s] -- Symlinking: /home/liv/argos_ws/install/ur_simulation_gazebo/share/ur_simulation_gazebo/config/ur_controllers.yaml
[0.192s] -- Symlinking: /home/liv/argos_ws/install/ur_simulation_gazebo/share/ur_simulation_gazebo/launch/ur_sim_control.launch.py
[0.198s] -- Symlinking: /home/liv/argos_ws/install/ur_simulation_gazebo/share/ur_simulation_gazebo/launch/ur_sim_moveit.launch.py
[0.202s] -- Symlinking: /home/liv/argos_ws/install/ur_simulation_gazebo/share/ament_index/resource_index/package_run_dependencies/ur_simulation_gazebo
[0.211s] -- Symlinking: /home/liv/argos_ws/install/ur_simulation_gazebo/share/ament_index/resource_index/parent_prefix_path/ur_simulation_gazebo
[0.217s] -- Symlinking: /home/liv/argos_ws/install/ur_simulation_gazebo/share/ur_simulation_gazebo/environment/ament_prefix_path.sh
[0.224s] -- Symlinking: /home/liv/argos_ws/install/ur_simulation_gazebo/share/ur_simulation_gazebo/environment/ament_prefix_path.dsv
[0.232s] -- Symlinking: /home/liv/argos_ws/install/ur_simulation_gazebo/share/ur_simulation_gazebo/environment/path.sh
[0.241s] -- Symlinking: /home/liv/argos_ws/install/ur_simulation_gazebo/share/ur_simulation_gazebo/environment/path.dsv
[0.247s] -- Symlinking: /home/liv/argos_ws/install/ur_simulation_gazebo/share/ur_simulation_gazebo/local_setup.bash
[0.252s] -- Symlinking: /home/liv/argos_ws/install/ur_simulation_gazebo/share/ur_simulation_gazebo/local_setup.sh
[0.259s] -- Symlinking: /home/liv/argos_ws/install/ur_simulation_gazebo/share/ur_simulation_gazebo/local_setup.zsh
[0.263s] -- Symlinking: /home/liv/argos_ws/install/ur_simulation_gazebo/share/ur_simulation_gazebo/local_setup.dsv
[0.270s] -- Symlinking: /home/liv/argos_ws/install/ur_simulation_gazebo/share/ur_simulation_gazebo/package.dsv
[0.275s] -- Symlinking: /home/liv/argos_ws/install/ur_simulation_gazebo/share/ament_index/resource_index/packages/ur_simulation_gazebo
[0.285s] -- Symlinking: /home/liv/argos_ws/install/ur_simulation_gazebo/share/ur_simulation_gazebo/cmake/ur_simulation_gazeboConfig.cmake
[0.291s] -- Symlinking: /home/liv/argos_ws/install/ur_simulation_gazebo/share/ur_simulation_gazebo/cmake/ur_simulation_gazeboConfig-version.cmake
[0.300s] -- Symlinking: /home/liv/argos_ws/install/ur_simulation_gazebo/share/ur_simulation_gazebo/package.xml
[0.310s] Invoked command in '/home/liv/argos_ws/build/ur_simulation_gazebo' returned '0': AMENT_PREFIX_PATH=/home/liv/argos_ws/install/ur_description:${AMENT_PREFIX_PATH} CMAKE_PREFIX_PATH=/home/liv/argos_ws/install/ur_description:/home/liv/41068_ws/install/41068_ignition_bringup:/opt/ros/humble /usr/bin/cmake --install /home/liv/argos_ws/build/ur_simulation_gazebo
