[0.006s] Invoking command in '/home/liv/argos_ws/build/ur_simulation_gazebo': CMAKE_PREFIX_PATH=/home/liv/argos_ws/install/ur_description:/home/liv/argos_ws/install/ur_simulation_gazebo:/home/liv/helios_ws/install/fire_sensors:/home/liv/helios_ws/install/fire_satellite:/home/liv/helios_ws/install/fire_drone:/home/liv/helios_ws/install/fire_autonomy:/home/liv/helios_ws/install/41068_ignition_bringup:/home/liv/41068_ws/install/41068_ignition_bringup:/home/liv/helios_ws/install/fire_sim:/opt/ros/humble /usr/bin/cmake /home/liv/argos_ws/src/Universal_Robots_ROS2_Gazebo_Simulation/ur_simulation_gazebo -DCMAKE_INSTALL_PREFIX=/home/liv/argos_ws/install/ur_simulation_gazebo
[0.019s] -- Found ament_cmake: 1.3.14 (/opt/ros/humble/share/ament_cmake/cmake)
[0.102s] -- Override CMake install command with custom implementation using symlinks instead of copying resources
[0.105s] -- Found launch_testing_ament_cmake: 1.0.14 (/opt/ros/humble/share/launch_testing_ament_cmake/cmake)
[0.105s] -- Found python_cmake_module: 0.10.0 (/opt/ros/humble/share/python_cmake_module/cmake)
[0.123s] -- Using PYTHON_EXECUTABLE: /usr/bin/python3
[0.123s] -- Using PYTHON_INCLUDE_DIRS: /usr/include/python3.10
[0.123s] -- Using PYTHON_LIBRARIES: /usr/lib/x86_64-linux-gnu/libpython3.10.so
[0.123s] -- Found ament_cmake_pytest: 1.3.14 (/opt/ros/humble/share/ament_cmake_pytest/cmake)
[0.161s] -- Configuring done
[0.163s] -- Generating done
[0.163s] -- Build files have been written to: /home/liv/argos_ws/build/ur_simulation_gazebo
[0.165s] Invoked command in '/home/liv/argos_ws/build/ur_simulation_gazebo' returned '0': CMAKE_PREFIX_PATH=/home/liv/argos_ws/install/ur_description:/home/liv/argos_ws/install/ur_simulation_gazebo:/home/liv/helios_ws/install/fire_sensors:/home/liv/helios_ws/install/fire_satellite:/home/liv/helios_ws/install/fire_drone:/home/liv/helios_ws/install/fire_autonomy:/home/liv/helios_ws/install/41068_ignition_bringup:/home/liv/41068_ws/install/41068_ignition_bringup:/home/liv/helios_ws/install/fire_sim:/opt/ros/humble /usr/bin/cmake /home/liv/argos_ws/src/Universal_Robots_ROS2_Gazebo_Simulation/ur_simulation_gazebo -DCMAKE_INSTALL_PREFIX=/home/liv/argos_ws/install/ur_simulation_gazebo
[0.166s] Invoking command in '/home/liv/argos_ws/build/ur_simulation_gazebo': CMAKE_PREFIX_PATH=/home/liv/argos_ws/install/ur_description:/home/liv/argos_ws/install/ur_simulation_gazebo:/home/liv/helios_ws/install/fire_sensors:/home/liv/helios_ws/install/fire_satellite:/home/liv/helios_ws/install/fire_drone:/home/liv/helios_ws/install/fire_autonomy:/home/liv/helios_ws/install/41068_ignition_bringup:/home/liv/41068_ws/install/41068_ignition_bringup:/home/liv/helios_ws/install/fire_sim:/opt/ros/humble /usr/bin/cmake --build /home/liv/argos_ws/build/ur_simulation_gazebo -- -j24 -l24
[0.210s] Invoked command in '/home/liv/argos_ws/build/ur_simulation_gazebo' returned '0': CMAKE_PREFIX_PATH=/home/liv/argos_ws/install/ur_description:/home/liv/argos_ws/install/ur_simulation_gazebo:/home/liv/helios_ws/install/fire_sensors:/home/liv/helios_ws/install/fire_satellite:/home/liv/helios_ws/install/fire_drone:/home/liv/helios_ws/install/fire_autonomy:/home/liv/helios_ws/install/41068_ignition_bringup:/home/liv/41068_ws/install/41068_ignition_bringup:/home/liv/helios_ws/install/fire_sim:/opt/ros/humble /usr/bin/cmake --build /home/liv/argos_ws/build/ur_simulation_gazebo -- -j24 -l24
[0.211s] Invoking command in '/home/liv/argos_ws/build/ur_simulation_gazebo': CMAKE_PREFIX_PATH=/home/liv/argos_ws/install/ur_description:/home/liv/argos_ws/install/ur_simulation_gazebo:/home/liv/helios_ws/install/fire_sensors:/home/liv/helios_ws/install/fire_satellite:/home/liv/helios_ws/install/fire_drone:/home/liv/helios_ws/install/fire_autonomy:/home/liv/helios_ws/install/41068_ignition_bringup:/home/liv/41068_ws/install/41068_ignition_bringup:/home/liv/helios_ws/install/fire_sim:/opt/ros/humble /usr/bin/cmake --install /home/liv/argos_ws/build/ur_simulation_gazebo
[0.221s] -- Install configuration: ""
[0.221s] -- Execute custom install script
[0.223s] -- Up-to-date symlink: /home/liv/argos_ws/install/ur_simulation_gazebo/share/ur_simulation_gazebo/config/ur_controllers.yaml
[0.223s] -- Up-to-date symlink: /home/liv/argos_ws/install/ur_simulation_gazebo/share/ur_simulation_gazebo/launch/ur_sim_control.launch.py
[0.223s] -- Up-to-date symlink: /home/liv/argos_ws/install/ur_simulation_gazebo/share/ur_simulation_gazebo/launch/ur_sim_moveit.launch.py
[0.224s] -- Up-to-date symlink: /home/liv/argos_ws/install/ur_simulation_gazebo/share/ament_index/resource_index/package_run_dependencies/ur_simulation_gazebo
[0.224s] -- Up-to-date symlink: /home/liv/argos_ws/install/ur_simulation_gazebo/share/ament_index/resource_index/parent_prefix_path/ur_simulation_gazebo
[0.224s] -- Up-to-date symlink: /home/liv/argos_ws/install/ur_simulation_gazebo/share/ur_simulation_gazebo/environment/ament_prefix_path.sh
[0.224s] -- Up-to-date symlink: /home/liv/argos_ws/install/ur_simulation_gazebo/share/ur_simulation_gazebo/environment/ament_prefix_path.dsv
[0.224s] -- Up-to-date symlink: /home/liv/argos_ws/install/ur_simulation_gazebo/share/ur_simulation_gazebo/environment/path.sh
[0.224s] -- Up-to-date symlink: /home/liv/argos_ws/install/ur_simulation_gazebo/share/ur_simulation_gazebo/environment/path.dsv
[0.225s] -- Up-to-date symlink: /home/liv/argos_ws/install/ur_simulation_gazebo/share/ur_simulation_gazebo/local_setup.bash
[0.225s] -- Up-to-date symlink: /home/liv/argos_ws/install/ur_simulation_gazebo/share/ur_simulation_gazebo/local_setup.sh
[0.225s] -- Up-to-date symlink: /home/liv/argos_ws/install/ur_simulation_gazebo/share/ur_simulation_gazebo/local_setup.zsh
[0.225s] -- Up-to-date symlink: /home/liv/argos_ws/install/ur_simulation_gazebo/share/ur_simulation_gazebo/local_setup.dsv
[0.225s] -- Symlinking: /home/liv/argos_ws/install/ur_simulation_gazebo/share/ur_simulation_gazebo/package.dsv
[0.235s] -- Up-to-date symlink: /home/liv/argos_ws/install/ur_simulation_gazebo/share/ament_index/resource_index/packages/ur_simulation_gazebo
[0.235s] -- Up-to-date symlink: /home/liv/argos_ws/install/ur_simulation_gazebo/share/ur_simulation_gazebo/cmake/ur_simulation_gazeboConfig.cmake
[0.235s] -- Up-to-date symlink: /home/liv/argos_ws/install/ur_simulation_gazebo/share/ur_simulation_gazebo/cmake/ur_simulation_gazeboConfig-version.cmake
[0.235s] -- Up-to-date symlink: /home/liv/argos_ws/install/ur_simulation_gazebo/share/ur_simulation_gazebo/package.xml
[0.238s] Invoked command in '/home/liv/argos_ws/build/ur_simulation_gazebo' returned '0': CMAKE_PREFIX_PATH=/home/liv/argos_ws/install/ur_description:/home/liv/argos_ws/install/ur_simulation_gazebo:/home/liv/helios_ws/install/fire_sensors:/home/liv/helios_ws/install/fire_satellite:/home/liv/helios_ws/install/fire_drone:/home/liv/helios_ws/install/fire_autonomy:/home/liv/helios_ws/install/41068_ignition_bringup:/home/liv/41068_ws/install/41068_ignition_bringup:/home/liv/helios_ws/install/fire_sim:/opt/ros/humble /usr/bin/cmake --install /home/liv/argos_ws/build/ur_simulation_gazebo
