[0.154s] Invoking command in '/home/liv/argos_ws/build/ur_simulation_gz': CMAKE_PREFIX_PATH=/home/liv/argos_ws/install/ur_description:/home/liv/argos_ws/install/ur_simulation_gz:/home/liv/argos_ws/install/ur_simulation_gazebo:/home/liv/helios_ws/install/fire_sensors:/home/liv/helios_ws/install/fire_satellite:/home/liv/helios_ws/install/fire_drone:/home/liv/helios_ws/install/fire_autonomy:/home/liv/helios_ws/install/41068_ignition_bringup:/home/liv/41068_ws/install/41068_ignition_bringup:/home/liv/argos_ws/install/cone_inspection:/home/liv/helios_ws/install/fire_sim:/opt/ros/humble /usr/bin/cmake --build /home/liv/argos_ws/build/ur_simulation_gz -- -j24 -l24
[0.180s] Invoked command in '/home/liv/argos_ws/build/ur_simulation_gz' returned '0': CMAKE_PREFIX_PATH=/home/liv/argos_ws/install/ur_description:/home/liv/argos_ws/install/ur_simulation_gz:/home/liv/argos_ws/install/ur_simulation_gazebo:/home/liv/helios_ws/install/fire_sensors:/home/liv/helios_ws/install/fire_satellite:/home/liv/helios_ws/install/fire_drone:/home/liv/helios_ws/install/fire_autonomy:/home/liv/helios_ws/install/41068_ignition_bringup:/home/liv/41068_ws/install/41068_ignition_bringup:/home/liv/argos_ws/install/cone_inspection:/home/liv/helios_ws/install/fire_sim:/opt/ros/humble /usr/bin/cmake --build /home/liv/argos_ws/build/ur_simulation_gz -- -j24 -l24
[0.181s] Invoking command in '/home/liv/argos_ws/build/ur_simulation_gz': CMAKE_PREFIX_PATH=/home/liv/argos_ws/install/ur_description:/home/liv/argos_ws/install/ur_simulation_gz:/home/liv/argos_ws/install/ur_simulation_gazebo:/home/liv/helios_ws/install/fire_sensors:/home/liv/helios_ws/install/fire_satellite:/home/liv/helios_ws/install/fire_drone:/home/liv/helios_ws/install/fire_autonomy:/home/liv/helios_ws/install/41068_ignition_bringup:/home/liv/41068_ws/install/41068_ignition_bringup:/home/liv/argos_ws/install/cone_inspection:/home/liv/helios_ws/install/fire_sim:/opt/ros/humble /usr/bin/cmake --install /home/liv/argos_ws/build/ur_simulation_gz
[0.186s] -- Install configuration: ""
[0.186s] -- Execute custom install script
[0.187s] -- Up-to-date symlink: /home/liv/argos_ws/install/ur_simulation_gz/share/ur_simulation_gz/config/ur_controllers.yaml
[0.187s] -- Up-to-date symlink: /home/liv/argos_ws/install/ur_simulation_gz/share/ur_simulation_gz/launch/ur_sim_control.launch.py
[0.187s] -- Up-to-date symlink: /home/liv/argos_ws/install/ur_simulation_gz/share/ur_simulation_gz/launch/ur_sim_moveit.launch.py
[0.187s] -- Up-to-date symlink: /home/liv/argos_ws/install/ur_simulation_gz/share/ament_index/resource_index/package_run_dependencies/ur_simulation_gz
[0.187s] -- Up-to-date symlink: /home/liv/argos_ws/install/ur_simulation_gz/share/ament_index/resource_index/parent_prefix_path/ur_simulation_gz
[0.188s] -- Up-to-date symlink: /home/liv/argos_ws/install/ur_simulation_gz/share/ur_simulation_gz/environment/ament_prefix_path.sh
[0.188s] -- Up-to-date symlink: /home/liv/argos_ws/install/ur_simulation_gz/share/ur_simulation_gz/environment/ament_prefix_path.dsv
[0.188s] -- Up-to-date symlink: /home/liv/argos_ws/install/ur_simulation_gz/share/ur_simulation_gz/environment/path.sh
[0.188s] -- Up-to-date symlink: /home/liv/argos_ws/install/ur_simulation_gz/share/ur_simulation_gz/environment/path.dsv
[0.188s] -- Up-to-date symlink: /home/liv/argos_ws/install/ur_simulation_gz/share/ur_simulation_gz/local_setup.bash
[0.189s] -- Up-to-date symlink: /home/liv/argos_ws/install/ur_simulation_gz/share/ur_simulation_gz/local_setup.sh
[0.189s] -- Up-to-date symlink: /home/liv/argos_ws/install/ur_simulation_gz/share/ur_simulation_gz/local_setup.zsh
[0.189s] -- Up-to-date symlink: /home/liv/argos_ws/install/ur_simulation_gz/share/ur_simulation_gz/local_setup.dsv
[0.189s] -- Symlinking: /home/liv/argos_ws/install/ur_simulation_gz/share/ur_simulation_gz/package.dsv
[0.197s] -- Up-to-date symlink: /home/liv/argos_ws/install/ur_simulation_gz/share/ament_index/resource_index/packages/ur_simulation_gz
[0.197s] -- Up-to-date symlink: /home/liv/argos_ws/install/ur_simulation_gz/share/ur_simulation_gz/cmake/ur_simulation_gzConfig.cmake
[0.197s] -- Up-to-date symlink: /home/liv/argos_ws/install/ur_simulation_gz/share/ur_simulation_gz/cmake/ur_simulation_gzConfig-version.cmake
[0.197s] -- Up-to-date symlink: /home/liv/argos_ws/install/ur_simulation_gz/share/ur_simulation_gz/package.xml
[0.204s] Invoked command in '/home/liv/argos_ws/build/ur_simulation_gz' returned '0': CMAKE_PREFIX_PATH=/home/liv/argos_ws/install/ur_description:/home/liv/argos_ws/install/ur_simulation_gz:/home/liv/argos_ws/install/ur_simulation_gazebo:/home/liv/helios_ws/install/fire_sensors:/home/liv/helios_ws/install/fire_satellite:/home/liv/helios_ws/install/fire_drone:/home/liv/helios_ws/install/fire_autonomy:/home/liv/helios_ws/install/41068_ignition_bringup:/home/liv/41068_ws/install/41068_ignition_bringup:/home/liv/argos_ws/install/cone_inspection:/home/liv/helios_ws/install/fire_sim:/opt/ros/humble /usr/bin/cmake --install /home/liv/argos_ws/build/ur_simulation_gz
