[0.006s] Invoking command in '/home/liv/argos_ws/build/ur_simulation_gz': CMAKE_PREFIX_PATH=/home/liv/argos_ws/install/ur_description:/home/liv/argos_ws/install/ur_simulation_gz:/home/liv/argos_ws/install/ur_simulation_gazebo:/home/liv/helios_ws/install/fire_sensors:/home/liv/helios_ws/install/fire_satellite:/home/liv/helios_ws/install/fire_drone:/home/liv/helios_ws/install/fire_autonomy:/home/liv/helios_ws/install/41068_ignition_bringup:/home/liv/41068_ws/install/41068_ignition_bringup:/home/liv/helios_ws/install/fire_sim:/opt/ros/humble /usr/bin/cmake /home/liv/argos_ws/src/ur_simulation_gz/ur_simulation_gz -DCMAKE_INSTALL_PREFIX=/home/liv/argos_ws/install/ur_simulation_gz
[0.015s] -- Found ament_cmake: 1.3.14 (/opt/ros/humble/share/ament_cmake/cmake)
[0.083s] -- Override CMake install command with custom implementation using symlinks instead of copying resources
[0.087s] -- Found launch_testing_ament_cmake: 1.0.14 (/opt/ros/humble/share/launch_testing_ament_cmake/cmake)
[0.087s] -- Found python_cmake_module: 0.10.0 (/opt/ros/humble/share/python_cmake_module/cmake)
[0.102s] -- Using PYTHON_EXECUTABLE: /usr/bin/python3
[0.102s] -- Using PYTHON_INCLUDE_DIRS: /usr/include/python3.10
[0.102s] -- Using PYTHON_LIBRARIES: /usr/lib/x86_64-linux-gnu/libpython3.10.so
[0.102s] -- Found ament_cmake_pytest: 1.3.14 (/opt/ros/humble/share/ament_cmake_pytest/cmake)
[0.144s] -- Configuring done
[0.145s] -- Generating done
[0.146s] -- Build files have been written to: /home/liv/argos_ws/build/ur_simulation_gz
[0.147s] Invoked command in '/home/liv/argos_ws/build/ur_simulation_gz' returned '0': CMAKE_PREFIX_PATH=/home/liv/argos_ws/install/ur_description:/home/liv/argos_ws/install/ur_simulation_gz:/home/liv/argos_ws/install/ur_simulation_gazebo:/home/liv/helios_ws/install/fire_sensors:/home/liv/helios_ws/install/fire_satellite:/home/liv/helios_ws/install/fire_drone:/home/liv/helios_ws/install/fire_autonomy:/home/liv/helios_ws/install/41068_ignition_bringup:/home/liv/41068_ws/install/41068_ignition_bringup:/home/liv/helios_ws/install/fire_sim:/opt/ros/humble /usr/bin/cmake /home/liv/argos_ws/src/ur_simulation_gz/ur_simulation_gz -DCMAKE_INSTALL_PREFIX=/home/liv/argos_ws/install/ur_simulation_gz
[0.148s] Invoking command in '/home/liv/argos_ws/build/ur_simulation_gz': CMAKE_PREFIX_PATH=/home/liv/argos_ws/install/ur_description:/home/liv/argos_ws/install/ur_simulation_gz:/home/liv/argos_ws/install/ur_simulation_gazebo:/home/liv/helios_ws/install/fire_sensors:/home/liv/helios_ws/install/fire_satellite:/home/liv/helios_ws/install/fire_drone:/home/liv/helios_ws/install/fire_autonomy:/home/liv/helios_ws/install/41068_ignition_bringup:/home/liv/41068_ws/install/41068_ignition_bringup:/home/liv/helios_ws/install/fire_sim:/opt/ros/humble /usr/bin/cmake --build /home/liv/argos_ws/build/ur_simulation_gz -- -j24 -l24
[0.183s] Invoked command in '/home/liv/argos_ws/build/ur_simulation_gz' returned '0': CMAKE_PREFIX_PATH=/home/liv/argos_ws/install/ur_description:/home/liv/argos_ws/install/ur_simulation_gz:/home/liv/argos_ws/install/ur_simulation_gazebo:/home/liv/helios_ws/install/fire_sensors:/home/liv/helios_ws/install/fire_satellite:/home/liv/helios_ws/install/fire_drone:/home/liv/helios_ws/install/fire_autonomy:/home/liv/helios_ws/install/41068_ignition_bringup:/home/liv/41068_ws/install/41068_ignition_bringup:/home/liv/helios_ws/install/fire_sim:/opt/ros/humble /usr/bin/cmake --build /home/liv/argos_ws/build/ur_simulation_gz -- -j24 -l24
[0.186s] Invoking command in '/home/liv/argos_ws/build/ur_simulation_gz': CMAKE_PREFIX_PATH=/home/liv/argos_ws/install/ur_description:/home/liv/argos_ws/install/ur_simulation_gz:/home/liv/argos_ws/install/ur_simulation_gazebo:/home/liv/helios_ws/install/fire_sensors:/home/liv/helios_ws/install/fire_satellite:/home/liv/helios_ws/install/fire_drone:/home/liv/helios_ws/install/fire_autonomy:/home/liv/helios_ws/install/41068_ignition_bringup:/home/liv/41068_ws/install/41068_ignition_bringup:/home/liv/helios_ws/install/fire_sim:/opt/ros/humble /usr/bin/cmake --install /home/liv/argos_ws/build/ur_simulation_gz
[0.193s] -- Install configuration: ""
[0.194s] -- Execute custom install script
[0.195s] -- Up-to-date symlink: /home/liv/argos_ws/install/ur_simulation_gz/share/ur_simulation_gz/config/ur_controllers.yaml
[0.195s] -- Up-to-date symlink: /home/liv/argos_ws/install/ur_simulation_gz/share/ur_simulation_gz/launch/ur_sim_control.launch.py
[0.195s] -- Up-to-date symlink: /home/liv/argos_ws/install/ur_simulation_gz/share/ur_simulation_gz/launch/ur_sim_moveit.launch.py
[0.196s] -- Up-to-date symlink: /home/liv/argos_ws/install/ur_simulation_gz/share/ament_index/resource_index/package_run_dependencies/ur_simulation_gz
[0.196s] -- Up-to-date symlink: /home/liv/argos_ws/install/ur_simulation_gz/share/ament_index/resource_index/parent_prefix_path/ur_simulation_gz
[0.196s] -- Up-to-date symlink: /home/liv/argos_ws/install/ur_simulation_gz/share/ur_simulation_gz/environment/ament_prefix_path.sh
[0.196s] -- Up-to-date symlink: /home/liv/argos_ws/install/ur_simulation_gz/share/ur_simulation_gz/environment/ament_prefix_path.dsv
[0.196s] -- Up-to-date symlink: /home/liv/argos_ws/install/ur_simulation_gz/share/ur_simulation_gz/environment/path.sh
[0.197s] -- Up-to-date symlink: /home/liv/argos_ws/install/ur_simulation_gz/share/ur_simulation_gz/environment/path.dsv
[0.197s] -- Up-to-date symlink: /home/liv/argos_ws/install/ur_simulation_gz/share/ur_simulation_gz/local_setup.bash
[0.197s] -- Up-to-date symlink: /home/liv/argos_ws/install/ur_simulation_gz/share/ur_simulation_gz/local_setup.sh
[0.197s] -- Up-to-date symlink: /home/liv/argos_ws/install/ur_simulation_gz/share/ur_simulation_gz/local_setup.zsh
[0.197s] -- Up-to-date symlink: /home/liv/argos_ws/install/ur_simulation_gz/share/ur_simulation_gz/local_setup.dsv
[0.197s] -- Symlinking: /home/liv/argos_ws/install/ur_simulation_gz/share/ur_simulation_gz/package.dsv
[0.208s] -- Up-to-date symlink: /home/liv/argos_ws/install/ur_simulation_gz/share/ament_index/resource_index/packages/ur_simulation_gz
[0.208s] -- Up-to-date symlink: /home/liv/argos_ws/install/ur_simulation_gz/share/ur_simulation_gz/cmake/ur_simulation_gzConfig.cmake
[0.209s] -- Up-to-date symlink: /home/liv/argos_ws/install/ur_simulation_gz/share/ur_simulation_gz/cmake/ur_simulation_gzConfig-version.cmake
[0.209s] -- Up-to-date symlink: /home/liv/argos_ws/install/ur_simulation_gz/share/ur_simulation_gz/package.xml
[0.226s] Invoked command in '/home/liv/argos_ws/build/ur_simulation_gz' returned '0': CMAKE_PREFIX_PATH=/home/liv/argos_ws/install/ur_description:/home/liv/argos_ws/install/ur_simulation_gz:/home/liv/argos_ws/install/ur_simulation_gazebo:/home/liv/helios_ws/install/fire_sensors:/home/liv/helios_ws/install/fire_satellite:/home/liv/helios_ws/install/fire_drone:/home/liv/helios_ws/install/fire_autonomy:/home/liv/helios_ws/install/41068_ignition_bringup:/home/liv/41068_ws/install/41068_ignition_bringup:/home/liv/helios_ws/install/fire_sim:/opt/ros/humble /usr/bin/cmake --install /home/liv/argos_ws/build/ur_simulation_gz
