[0.133s] Invoking command in '/home/liv/argos_ws/build/ur_simulation_gazebo': AMENT_PREFIX_PATH=/home/liv/argos_ws/install/ur_description:${AMENT_PREFIX_PATH} CMAKE_PREFIX_PATH=/home/liv/argos_ws/install/ur_description:/home/liv/helios_ws/install/fire_sensors:/home/liv/helios_ws/install/fire_satellite:/home/liv/helios_ws/install/fire_drone:/home/liv/helios_ws/install/fire_autonomy:/home/liv/helios_ws/install/41068_ignition_bringup:/home/liv/41068_ws/install/41068_ignition_bringup:/home/liv/helios_ws/install/fire_sim:/opt/ros/humble /usr/bin/cmake --build /home/liv/argos_ws/build/ur_simulation_gazebo -- -j24 -l24
[0.163s] Invoked command in '/home/liv/argos_ws/build/ur_simulation_gazebo' returned '0': AMENT_PREFIX_PATH=/home/liv/argos_ws/install/ur_description:${AMENT_PREFIX_PATH} CMAKE_PREFIX_PATH=/home/liv/argos_ws/install/ur_description:/home/liv/helios_ws/install/fire_sensors:/home/liv/helios_ws/install/fire_satellite:/home/liv/helios_ws/install/fire_drone:/home/liv/helios_ws/install/fire_autonomy:/home/liv/helios_ws/install/41068_ignition_bringup:/home/liv/41068_ws/install/41068_ignition_bringup:/home/liv/helios_ws/install/fire_sim:/opt/ros/humble /usr/bin/cmake --build /home/liv/argos_ws/build/ur_simulation_gazebo -- -j24 -l24
[0.164s] Invoking command in '/home/liv/argos_ws/build/ur_simulation_gazebo': AMENT_PREFIX_PATH=/home/liv/argos_ws/install/ur_description:${AMENT_PREFIX_PATH} CMAKE_PREFIX_PATH=/home/liv/argos_ws/install/ur_description:/home/liv/helios_ws/install/fire_sensors:/home/liv/helios_ws/install/fire_satellite:/home/liv/helios_ws/install/fire_drone:/home/liv/helios_ws/install/fire_autonomy:/home/liv/helios_ws/install/41068_ignition_bringup:/home/liv/41068_ws/install/41068_ignition_bringup:/home/liv/helios_ws/install/fire_sim:/opt/ros/humble /usr/bin/cmake --install /home/liv/argos_ws/build/ur_simulation_gazebo
[0.171s] -- Install configuration: ""
[0.172s] -- Execute custom install script
[0.172s] -- Up-to-date symlink: /home/liv/argos_ws/install/ur_simulation_gazebo/share/ur_simulation_gazebo/config/ur_controllers.yaml
[0.172s] -- Up-to-date symlink: /home/liv/argos_ws/install/ur_simulation_gazebo/share/ur_simulation_gazebo/launch/ur_sim_control.launch.py
[0.173s] -- Up-to-date symlink: /home/liv/argos_ws/install/ur_simulation_gazebo/share/ur_simulation_gazebo/launch/ur_sim_moveit.launch.py
[0.173s] -- Up-to-date symlink: /home/liv/argos_ws/install/ur_simulation_gazebo/share/ament_index/resource_index/package_run_dependencies/ur_simulation_gazebo
[0.173s] -- Up-to-date symlink: /home/liv/argos_ws/install/ur_simulation_gazebo/share/ament_index/resource_index/parent_prefix_path/ur_simulation_gazebo
[0.173s] -- Up-to-date symlink: /home/liv/argos_ws/install/ur_simulation_gazebo/share/ur_simulation_gazebo/environment/ament_prefix_path.sh
[0.173s] -- Up-to-date symlink: /home/liv/argos_ws/install/ur_simulation_gazebo/share/ur_simulation_gazebo/environment/ament_prefix_path.dsv
[0.173s] -- Up-to-date symlink: /home/liv/argos_ws/install/ur_simulation_gazebo/share/ur_simulation_gazebo/environment/path.sh
[0.173s] -- Up-to-date symlink: /home/liv/argos_ws/install/ur_simulation_gazebo/share/ur_simulation_gazebo/environment/path.dsv
[0.173s] -- Up-to-date symlink: /home/liv/argos_ws/install/ur_simulation_gazebo/share/ur_simulation_gazebo/local_setup.bash
[0.173s] -- Up-to-date symlink: /home/liv/argos_ws/install/ur_simulation_gazebo/share/ur_simulation_gazebo/local_setup.sh
[0.173s] -- Up-to-date symlink: /home/liv/argos_ws/install/ur_simulation_gazebo/share/ur_simulation_gazebo/local_setup.zsh
[0.173s] -- Up-to-date symlink: /home/liv/argos_ws/install/ur_simulation_gazebo/share/ur_simulation_gazebo/local_setup.dsv
[0.174s] -- Symlinking: /home/liv/argos_ws/install/ur_simulation_gazebo/share/ur_simulation_gazebo/package.dsv
[0.180s] -- Up-to-date symlink: /home/liv/argos_ws/install/ur_simulation_gazebo/share/ament_index/resource_index/packages/ur_simulation_gazebo
[0.180s] -- Up-to-date symlink: /home/liv/argos_ws/install/ur_simulation_gazebo/share/ur_simulation_gazebo/cmake/ur_simulation_gazeboConfig.cmake
[0.180s] -- Up-to-date symlink: /home/liv/argos_ws/install/ur_simulation_gazebo/share/ur_simulation_gazebo/cmake/ur_simulation_gazeboConfig-version.cmake
[0.180s] -- Up-to-date symlink: /home/liv/argos_ws/install/ur_simulation_gazebo/share/ur_simulation_gazebo/package.xml
[0.193s] Invoked command in '/home/liv/argos_ws/build/ur_simulation_gazebo' returned '0': AMENT_PREFIX_PATH=/home/liv/argos_ws/install/ur_description:${AMENT_PREFIX_PATH} CMAKE_PREFIX_PATH=/home/liv/argos_ws/install/ur_description:/home/liv/helios_ws/install/fire_sensors:/home/liv/helios_ws/install/fire_satellite:/home/liv/helios_ws/install/fire_drone:/home/liv/helios_ws/install/fire_autonomy:/home/liv/helios_ws/install/41068_ignition_bringup:/home/liv/41068_ws/install/41068_ignition_bringup:/home/liv/helios_ws/install/fire_sim:/opt/ros/humble /usr/bin/cmake --install /home/liv/argos_ws/build/ur_simulation_gazebo
